{"sessionId": "4c1ee771-70b0-487e-9815-162742c1d589", "runId": "run1", "hypothesisId": "A", "location": "make_examples.py:1", "message": "Starting make_examples.py", "data": {}, "timestamp": 1786149894242}
{"sessionId": "4c1ee771-70b0-487e-9815-162742c1d589", "runId": "run1", "hypothesisId": "A", "location": "make_examples.py:2", "message": "Python version: 3.12.10 (tags/v3.12.10:0cc8128, Apr  8 2025, 12:21:36) [MSC v.1943 64 bit (AMD64)]", "data": {}, "timestamp": 1786149894242}
{"sessionId": "4c1ee771-70b0-487e-9815-162742c1d589", "runId": "run1", "hypothesisId": "A", "location": "make_examples.py:3", "message": "Python executable: C:\\Users\\Baibaiusercoder\\WorkBuddy\\2026-07-31-09-24-24\\office-automation\\.venv\\Scripts\\python.exe", "data": {}, "timestamp": 1786149894243}
{"sessionId": "4c1ee771-70b0-487e-9815-162742c1d589", "runId": "run1", "hypothesisId": "A", "location": "make_examples.py:7", "message": "Attempting pandas import", "data": {}, "timestamp": 1786149894243}
{"sessionId": "4c1ee771-70b0-487e-9815-162742c1d589", "runId": "run1", "hypothesisId": "A", "location": "make_examples.py:9", "message": "pandas import succeeded", "data": {"version": "3.0.5"}, "timestamp": 1786149895786}
{"sessionId": "4c1ee771-70b0-487e-9815-162742c1d589", "runId": "run1", "hypothesisId": "B", "location": "make_examples.py:13", "message": "Attempting reportlab import", "data": {}, "timestamp": 1786149895787}
{"sessionId": "4c1ee771-70b0-487e-9815-162742c1d589", "runId": "run1", "hypothesisId": "B", "location": "make_examples.py:17", "message": "reportlab import failed", "data": {"error": "cannot import name '_imaging' from 'PIL' (C:\\Users\\Baibaiusercoder\\WorkBuddy\\2026-07-31-09-24-24\\office-automation\\.venv\\Lib\\site-packages\\PIL\\__init__.py)"}, "timestamp": 1786149895845}
{"sessionId": "4c1ee771-70b0-487e-9815-162742c1d589", "runId": "run1", "hypothesisId": "A", "location": "make_examples.py:1", "message": "Starting make_examples.py", "data": {}, "timestamp": 1786149952160}
{"sessionId": "4c1ee771-70b0-487e-9815-162742c1d589", "runId": "run1", "hypothesisId": "A", "location": "make_examples.py:2", "message": "Python version: 3.12.10 (tags/v3.12.10:0cc8128, Apr  8 2025, 12:21:36) [MSC v.1943 64 bit (AMD64)]", "data": {}, "timestamp": 1786149952167}
{"sessionId": "4c1ee771-70b0-487e-9815-162742c1d589", "runId": "run1", "hypothesisId": "A", "location": "make_examples.py:3", "message": "Python executable: C:\\Users\\Baibaiusercoder\\WorkBuddy\\2026-07-31-09-24-24\\office-automation\\.venv\\Scripts\\python.exe", "data": {}, "timestamp": 1786149952168}
{"sessionId": "4c1ee771-70b0-487e-9815-162742c1d589", "runId": "run1", "hypothesisId": "A", "location": "make_examples.py:7", "message": "Attempting pandas import", "data": {}, "timestamp": 1786149952168}
{"sessionId": "4c1ee771-70b0-487e-9815-162742c1d589", "runId": "run1", "hypothesisId": "A", "location": "make_examples.py:9", "message": "pandas import succeeded", "data": {"version": "3.0.5"}, "timestamp": 1786149955353}
{"sessionId": "4c1ee771-70b0-487e-9815-162742c1d589", "runId": "run1", "hypothesisId": "B", "location": "make_examples.py:13", "message": "Attempting reportlab import", "data": {}, "timestamp": 1786149955354}
{"sessionId": "4c1ee771-70b0-487e-9815-162742c1d589", "runId": "run1", "hypothesisId": "B", "location": "make_examples.py:17", "message": "reportlab import failed", "data": {"error": "cannot import name '_imaging' from 'PIL' (C:\\Users\\Baibaiusercoder\\WorkBuddy\\2026-07-31-09-24-24\\office-automation\\.venv\\Lib\\site-packages\\PIL\\__init__.py)"}, "timestamp": 1786149955383}
{"sessionId": "4c1ee771-70b0-487e-9815-162742c1d589", "runId": "run1", "hypothesisId": "A", "location": "make_examples.py:1", "message": "Starting make_examples.py", "data": {}, "timestamp": 1786150281162}
{"sessionId": "4c1ee771-70b0-487e-9815-162742c1d589", "runId": "run1", "hypothesisId": "A", "location": "make_examples.py:2", "message": "Python version: 3.12.10 (tags/v3.12.10:0cc8128, Apr  8 2025, 12:21:36) [MSC v.1943 64 bit (AMD64)]", "data": {}, "timestamp": 1786150281166}
{"sessionId": "4c1ee771-70b0-487e-9815-162742c1d589", "runId": "run1", "hypothesisId": "A", "location": "make_examples.py:3", "message": "Python executable: C:\\Users\\Baibaiusercoder\\WorkBuddy\\2026-07-31-09-24-24\\office-automation\\.venv\\Scripts\\python.exe", "data": {}, "timestamp": 1786150281167}
{"sessionId": "4c1ee771-70b0-487e-9815-162742c1d589", "runId": "run1", "hypothesisId": "A", "location": "make_examples.py:7", "message": "Attempting pandas import", "data": {}, "timestamp": 1786150281168}
{"sessionId": "4c1ee771-70b0-487e-9815-162742c1d589", "runId": "run1", "hypothesisId": "A", "location": "make_examples.py:9", "message": "pandas import succeeded", "data": {"version": "3.0.5"}, "timestamp": 1786150282214}
{"sessionId": "4c1ee771-70b0-487e-9815-162742c1d589", "runId": "run1", "hypothesisId": "B", "location": "make_examples.py:13", "message": "Attempting reportlab import", "data": {}, "timestamp": 1786150282215}
{"sessionId": "4c1ee771-70b0-487e-9815-162742c1d589", "runId": "run1", "hypothesisId": "B", "location": "make_examples.py:15", "message": "reportlab import succeeded", "data": {}, "timestamp": 1786150283204}
{"sessionId": "4c1ee771-70b0-487e-9815-162742c1d589", "runId": "run1", "hypothesisId": "C", "location": "make_examples.py:19", "message": "Attempting PIL import", "data": {}, "timestamp": 1786150283204}
{"sessionId": "4c1ee771-70b0-487e-9815-162742c1d589", "runId": "run1", "hypothesisId": "C", "location": "make_examples.py:21", "message": "PIL import succeeded", "data": {}, "timestamp": 1786150283204}
{"sessionId": "4c1ee771-70b0-487e-9815-162742c1d589", "runId": "run1", "hypothesisId": "D", "location": "make_examples.py:25", "message": "Attempting reportlab.platypus import", "data": {}, "timestamp": 1786150283206}
{"sessionId": "4c1ee771-70b0-487e-9815-162742c1d589", "runId": "run1", "hypothesisId": "D", "location": "make_examples.py:27", "message": "reportlab.platypus import succeeded", "data": {}, "timestamp": 1786150283757}
{"sessionId": "4c1ee771-70b0-487e-9815-162742c1d589", "runId": "run1", "hypothesisId": "A", "location": "make_examples.py:120", "message": "make_examples.py completed successfully", "data": {}, "timestamp": 1786150287104}
{"sessionId": "4c1ee771-70b0-487e-9815-162742c1d589", "runId": "run1", "hypothesisId": "A", "location": "make_examples.py:1", "message": "Starting make_examples.py", "data": {}, "timestamp": 1786153811415}
{"sessionId": "4c1ee771-70b0-487e-9815-162742c1d589", "runId": "run1", "hypothesisId": "A", "location": "make_examples.py:2", "message": "Python version: 3.12.10 (tags/v3.12.10:0cc8128, Apr  8 2025, 12:21:36) [MSC v.1943 64 bit (AMD64)]", "data": {}, "timestamp": 1786153811417}
{"sessionId": "4c1ee771-70b0-487e-9815-162742c1d589", "runId": "run1", "hypothesisId": "A", "location": "make_examples.py:3", "message": "Python executable: C:\\Users\\Baibaiusercoder\\WorkBuddy\\2026-07-31-09-24-24\\office-automation\\.venv\\Scripts\\python.exe", "data": {}, "timestamp": 1786153811418}
{"sessionId": "4c1ee771-70b0-487e-9815-162742c1d589", "runId": "run1", "hypothesisId": "A", "location": "make_examples.py:7", "message": "Attempting pandas import", "data": {}, "timestamp": 1786153811418}
{"sessionId": "4c1ee771-70b0-487e-9815-162742c1d589", "runId": "run1", "hypothesisId": "A", "location": "make_examples.py:9", "message": "pandas import succeeded", "data": {"version": "3.0.5"}, "timestamp": 1786153812286}
{"sessionId": "4c1ee771-70b0-487e-9815-162742c1d589", "runId": "run1", "hypothesisId": "B", "location": "make_examples.py:13", "message": "Attempting reportlab import", "data": {}, "timestamp": 1786153812286}
{"sessionId": "4c1ee771-70b0-487e-9815-162742c1d589", "runId": "run1", "hypothesisId": "B", "location": "make_examples.py:15", "message": "reportlab import succeeded", "data": {}, "timestamp": 1786153812506}
{"sessionId": "4c1ee771-70b0-487e-9815-162742c1d589", "runId": "run1", "hypothesisId": "C", "location": "make_examples.py:19", "message": "Attempting PIL import", "data": {}, "timestamp": 1786153812508}
{"sessionId": "4c1ee771-70b0-487e-9815-162742c1d589", "runId": "run1", "hypothesisId": "C", "location": "make_examples.py:21", "message": "PIL import succeeded", "data": {}, "timestamp": 1786153812509}
{"sessionId": "4c1ee771-70b0-487e-9815-162742c1d589", "runId": "run1", "hypothesisId": "D", "location": "make_examples.py:25", "message": "Attempting reportlab.platypus import", "data": {}, "timestamp": 1786153812509}
{"sessionId": "4c1ee771-70b0-487e-9815-162742c1d589", "runId": "run1", "hypothesisId": "D", "location": "make_examples.py:27", "message": "reportlab.platypus import succeeded", "data": {}, "timestamp": 1786153812616}
{"sessionId": "4c1ee771-70b0-487e-9815-162742c1d589", "runId": "run1", "hypothesisId": "A", "location": "make_examples.py:120", "message": "make_examples.py completed successfully", "data": {}, "timestamp": 1786153813386}
